// Jest Snapshot v1, https://goo.gl/fbAQLP

exports[`displays add to cart form 1`] = `
Array [
  <input
    class="quantity"
    placeholder="Quantity"
    value=""
  />,
  <button
    class="addButton"
  >
    Add to cart
  </button>,
]
`;
